[     329ms] [WARNING] Image with src "http://localhost:3005/assets/clients/carechoice.svg" has either width or height modified, but not the other. If you use CSS to change the size of your image, also include the styles 'width: "auto"' or 'height: "auto"' to maintain the aspect ratio. @ http://localhost:3005/_next/static/chunks/b2b3e_next_dist_77a734fe._.js:2297
[     329ms] [WARNING] Image with src "http://localhost:3005/assets/clients/jmk.svg" has either width or height modified, but not the other. If you use CSS to change the size of your image, also include the styles 'width: "auto"' or 'height: "auto"' to maintain the aspect ratio. @ http://localhost:3005/_next/static/chunks/b2b3e_next_dist_77a734fe._.js:2297
[     329ms] [WARNING] Image with src "http://localhost:3005/assets/clients/aedifica-reit.svg" has either width or height modified, but not the other. If you use CSS to change the size of your image, also include the styles 'width: "auto"' or 'height: "auto"' to maintain the aspect ratio. @ http://localhost:3005/_next/static/chunks/b2b3e_next_dist_77a734fe._.js:2297
[     341ms] [WARNING] Image with src "http://localhost:3005/assets/clients/hse.png" has either width or height modified, but not the other. If you use CSS to change the size of your image, also include the styles 'width: "auto"' or 'height: "auto"' to maintain the aspect ratio. @ http://localhost:3005/_next/static/chunks/b2b3e_next_dist_77a734fe._.js:2297
[     343ms] [WARNING] Image with src "http://localhost:3005/assets/clients/gaa.png" has either width or height modified, but not the other. If you use CSS to change the size of your image, also include the styles 'width: "auto"' or 'height: "auto"' to maintain the aspect ratio. @ http://localhost:3005/_next/static/chunks/b2b3e_next_dist_77a734fe._.js:2297
[     343ms] [WARNING] Image with src "http://localhost:3005/assets/clients/altere-contracts.png" has either width or height modified, but not the other. If you use CSS to change the size of your image, also include the styles 'width: "auto"' or 'height: "auto"' to maintain the aspect ratio. @ http://localhost:3005/_next/static/chunks/b2b3e_next_dist_77a734fe._.js:2297
[     343ms] [WARNING] Image with src "http://localhost:3005/assets/clients/opw.png" has either width or height modified, but not the other. If you use CSS to change the size of your image, also include the styles 'width: "auto"' or 'height: "auto"' to maintain the aspect ratio. @ http://localhost:3005/_next/static/chunks/b2b3e_next_dist_77a734fe._.js:2297
[     343ms] [WARNING] Image with src "http://localhost:3005/assets/clients/dublin-city-council.png" has either width or height modified, but not the other. If you use CSS to change the size of your image, also include the styles 'width: "auto"' or 'height: "auto"' to maintain the aspect ratio. @ http://localhost:3005/_next/static/chunks/b2b3e_next_dist_77a734fe._.js:2297
[     343ms] [WARNING] Image with src "http://localhost:3005/assets/clients/ryanair.png" has either width or height modified, but not the other. If you use CSS to change the size of your image, also include the styles 'width: "auto"' or 'height: "auto"' to maintain the aspect ratio. @ http://localhost:3005/_next/static/chunks/b2b3e_next_dist_77a734fe._.js:2297
[   14720ms] [WARNING] You are trying to animate backgroundColor from "#d00918" to "transparent". "transparent" is not an animatable value.. For more information and steps for solving, visit https://motion.dev/troubleshooting/value-not-animatable @ http://localhost:3005/_next/static/chunks/b2b3e_next_dist_77a734fe._.js:2297
[   15097ms] [WARNING] You are trying to animate backgroundColor from "transparent" to "#d00918". "transparent" is not an animatable value.. For more information and steps for solving, visit https://motion.dev/troubleshooting/value-not-animatable @ http://localhost:3005/_next/static/chunks/b2b3e_next_dist_77a734fe._.js:2297
[   15114ms] [WARNING] You are trying to animate backgroundColor from "#d00918" to "transparent". "transparent" is not an animatable value.. For more information and steps for solving, visit https://motion.dev/troubleshooting/value-not-animatable @ http://localhost:3005/_next/static/chunks/b2b3e_next_dist_77a734fe._.js:2297
[   15497ms] [WARNING] You are trying to animate backgroundColor from "transparent" to "#d00918". "transparent" is not an animatable value.. For more information and steps for solving, visit https://motion.dev/troubleshooting/value-not-animatable @ http://localhost:3005/_next/static/chunks/b2b3e_next_dist_77a734fe._.js:2297
[   89770ms] [WARNING] You are trying to animate backgroundColor from "#d00918" to "transparent". "transparent" is not an animatable value.. For more information and steps for solving, visit https://motion.dev/troubleshooting/value-not-animatable @ http://localhost:3005/_next/static/chunks/b2b3e_next_dist_77a734fe._.js:2297
[   89836ms] [WARNING] You are trying to animate backgroundColor from "transparent" to "#d00918". "transparent" is not an animatable value.. For more information and steps for solving, visit https://motion.dev/troubleshooting/value-not-animatable @ http://localhost:3005/_next/static/chunks/b2b3e_next_dist_77a734fe._.js:2297
[   89861ms] [WARNING] You are trying to animate backgroundColor from "#d00918" to "transparent". "transparent" is not an animatable value.. For more information and steps for solving, visit https://motion.dev/troubleshooting/value-not-animatable @ http://localhost:3005/_next/static/chunks/b2b3e_next_dist_77a734fe._.js:2297
[   90881ms] [WARNING] You are trying to animate backgroundColor from "transparent" to "#d00918". "transparent" is not an animatable value.. For more information and steps for solving, visit https://motion.dev/troubleshooting/value-not-animatable @ http://localhost:3005/_next/static/chunks/b2b3e_next_dist_77a734fe._.js:2297
[   91297ms] [WARNING] You are trying to animate backgroundColor from "#d00918" to "transparent". "transparent" is not an animatable value.. For more information and steps for solving, visit https://motion.dev/troubleshooting/value-not-animatable @ http://localhost:3005/_next/static/chunks/b2b3e_next_dist_77a734fe._.js:2297
[   92146ms] [WARNING] You are trying to animate backgroundColor from "transparent" to "#d00918". "transparent" is not an animatable value.. For more information and steps for solving, visit https://motion.dev/troubleshooting/value-not-animatable @ http://localhost:3005/_next/static/chunks/b2b3e_next_dist_77a734fe._.js:2297
[   98789ms] [WARNING] You are trying to animate backgroundColor from "#d00918" to "transparent". "transparent" is not an animatable value.. For more information and steps for solving, visit https://motion.dev/troubleshooting/value-not-animatable @ http://localhost:3005/_next/static/chunks/b2b3e_next_dist_77a734fe._.js:2297
[   99645ms] [WARNING] You are trying to animate backgroundColor from "transparent" to "#d00918". "transparent" is not an animatable value.. For more information and steps for solving, visit https://motion.dev/troubleshooting/value-not-animatable @ http://localhost:3005/_next/static/chunks/b2b3e_next_dist_77a734fe._.js:2297
[   99660ms] [WARNING] You are trying to animate backgroundColor from "#d00918" to "transparent". "transparent" is not an animatable value.. For more information and steps for solving, visit https://motion.dev/troubleshooting/value-not-animatable @ http://localhost:3005/_next/static/chunks/b2b3e_next_dist_77a734fe._.js:2297
[  100676ms] [WARNING] You are trying to animate backgroundColor from "transparent" to "#d00918". "transparent" is not an animatable value.. For more information and steps for solving, visit https://motion.dev/troubleshooting/value-not-animatable @ http://localhost:3005/_next/static/chunks/b2b3e_next_dist_77a734fe._.js:2297
[  114939ms] [WARNING] You are trying to animate backgroundColor from "#d00918" to "transparent". "transparent" is not an animatable value.. For more information and steps for solving, visit https://motion.dev/troubleshooting/value-not-animatable @ http://localhost:3005/_next/static/chunks/b2b3e_next_dist_77a734fe._.js:2297
[  115039ms] [WARNING] You are trying to animate backgroundColor from "transparent" to "#d00918". "transparent" is not an animatable value.. For more information and steps for solving, visit https://motion.dev/troubleshooting/value-not-animatable @ http://localhost:3005/_next/static/chunks/b2b3e_next_dist_77a734fe._.js:2297
[  202663ms] [ERROR] ./app/layout.tsx:2:1
Export playfair doesn't exist in target module
  1 | import type { Metadata } from "next";
> 2 | import { playfair, dmSans } from "@/app/fonts";
    | ^^^^^^^^^^^^^^^^^^^^^^^^^^^^^^^^^^^^^^^^^^^^^^^
  3 | import Header from "@/components/layout/header";
  4 | import Footer from "@/components/layout/footer";
  5 | import CustomCursor from "@/components/ui/custom-cursor";

The export playfair was not found in module [project]/app/fonts.ts [app-rsc] (ecmascript).
Did you mean to import instrumentSerif?
All exports of the module are statically known (It doesn't have dynamic exports). So it's known statically that the requested export doesn't exist. @ http://localhost:3005/_next/static/chunks/b2b3e_next_dist_77a734fe._.js:3127
[  213941ms] [ERROR] Failed to load resource: the server responded with a status of 500 (Internal Server Error) @ http://localhost:3005/:0
[  214149ms] ReferenceError: playfair is not defined
    at RootLayout (about://React/Server/file:///Users/brendan/projects/ganson-web-app/.next/dev/server/chunks/ssr/%5Broot-of-the-server%5D__34afff5a._.js?6:581:23)
    at resolveErrorDev (http://localhost:3005/_next/static/chunks/b2b3e_next_dist_compiled_react-server-dom-turbopack_1182ddf0._.js:1894:106)
    at processFullStringRow (http://localhost:3005/_next/static/chunks/b2b3e_next_dist_compiled_react-server-dom-turbopack_1182ddf0._.js:2402:29)
    at processFullBinaryRow (http://localhost:3005/_next/static/chunks/b2b3e_next_dist_compiled_react-server-dom-turbopack_1182ddf0._.js:2361:9)
    at processBinaryChunk (http://localhost:3005/_next/static/chunks/b2b3e_next_dist_compiled_react-server-dom-turbopack_1182ddf0._.js:2470:221)
    at progress (http://localhost:3005/_next/static/chunks/b2b3e_next_dist_compiled_react-server-dom-turbopack_1182ddf0._.js:2640:13)
[  217153ms] [WARNING] The resource http://localhost:3005/_next/static/media/e41d5df559864f9e-s.p.380d09ea.woff2 was preloaded using link preload but not used within a few seconds from the window's load event. Please make sure it has an appropriate `as` value and it is preloaded intentionally. @ http://localhost:3005/:0
[  217153ms] [WARNING] The resource http://localhost:3005/_next/static/chunks/%5Broot-of-the-server%5D__e4bc769a._.css was preloaded using link preload but not used within a few seconds from the window's load event. Please make sure it has an appropriate `as` value and it is preloaded intentionally. @ http://localhost:3005/:0
[  217153ms] [WARNING] The resource http://localhost:3005/_next/static/media/7ebf22b5a21034f8-s.p.d8bad3ab.woff2 was preloaded using link preload but not used within a few seconds from the window's load event. Please make sure it has an appropriate `as` value and it is preloaded intentionally. @ http://localhost:3005/:0
[  220681ms] [WARNING] Image with src "http://localhost:3005/assets/clients/carechoice.svg" has either width or height modified, but not the other. If you use CSS to change the size of your image, also include the styles 'width: "auto"' or 'height: "auto"' to maintain the aspect ratio. @ http://localhost:3005/_next/static/chunks/b2b3e_next_dist_77a734fe._.js:2297
[  220682ms] [WARNING] Image with src "http://localhost:3005/assets/clients/jmk.svg" has either width or height modified, but not the other. If you use CSS to change the size of your image, also include the styles 'width: "auto"' or 'height: "auto"' to maintain the aspect ratio. @ http://localhost:3005/_next/static/chunks/b2b3e_next_dist_77a734fe._.js:2297
[  220682ms] [WARNING] Image with src "http://localhost:3005/assets/clients/aedifica-reit.svg" has either width or height modified, but not the other. If you use CSS to change the size of your image, also include the styles 'width: "auto"' or 'height: "auto"' to maintain the aspect ratio. @ http://localhost:3005/_next/static/chunks/b2b3e_next_dist_77a734fe._.js:2297
[  220689ms] [WARNING] Image with src "http://localhost:3005/assets/clients/hse.png" has either width or height modified, but not the other. If you use CSS to change the size of your image, also include the styles 'width: "auto"' or 'height: "auto"' to maintain the aspect ratio. @ http://localhost:3005/_next/static/chunks/b2b3e_next_dist_77a734fe._.js:2297
[  220693ms] [WARNING] Image with src "http://localhost:3005/assets/clients/gaa.png" has either width or height modified, but not the other. If you use CSS to change the size of your image, also include the styles 'width: "auto"' or 'height: "auto"' to maintain the aspect ratio. @ http://localhost:3005/_next/static/chunks/b2b3e_next_dist_77a734fe._.js:2297
[  220693ms] [WARNING] Image with src "http://localhost:3005/assets/clients/altere-contracts.png" has either width or height modified, but not the other. If you use CSS to change the size of your image, also include the styles 'width: "auto"' or 'height: "auto"' to maintain the aspect ratio. @ http://localhost:3005/_next/static/chunks/b2b3e_next_dist_77a734fe._.js:2297
[  220693ms] [WARNING] Image with src "http://localhost:3005/assets/clients/opw.png" has either width or height modified, but not the other. If you use CSS to change the size of your image, also include the styles 'width: "auto"' or 'height: "auto"' to maintain the aspect ratio. @ http://localhost:3005/_next/static/chunks/b2b3e_next_dist_77a734fe._.js:2297
[  220700ms] [WARNING] Image with src "http://localhost:3005/assets/clients/dublin-city-council.png" has either width or height modified, but not the other. If you use CSS to change the size of your image, also include the styles 'width: "auto"' or 'height: "auto"' to maintain the aspect ratio. @ http://localhost:3005/_next/static/chunks/b2b3e_next_dist_77a734fe._.js:2297
[  220702ms] [WARNING] Image with src "http://localhost:3005/assets/clients/ryanair.png" has either width or height modified, but not the other. If you use CSS to change the size of your image, also include the styles 'width: "auto"' or 'height: "auto"' to maintain the aspect ratio. @ http://localhost:3005/_next/static/chunks/b2b3e_next_dist_77a734fe._.js:2297
[  228554ms] [WARNING] You are trying to animate backgroundColor from "#d00918" to "transparent". "transparent" is not an animatable value.. For more information and steps for solving, visit https://motion.dev/troubleshooting/value-not-animatable @ http://localhost:3005/_next/static/chunks/b2b3e_next_dist_77a734fe._.js:2297
[  229016ms] [WARNING] You are trying to animate backgroundColor from "transparent" to "#d00918". "transparent" is not an animatable value.. For more information and steps for solving, visit https://motion.dev/troubleshooting/value-not-animatable @ http://localhost:3005/_next/static/chunks/b2b3e_next_dist_77a734fe._.js:2297
[  247377ms] [ERROR] ./app/layout.tsx:2:1
Export instrumentSerif doesn't exist in target module
  1 | import type { Metadata } from "next";
> 2 | import { instrumentSerif, dmSans } from "@/app/fonts";
    | ^^^^^^^^^^^^^^^^^^^^^^^^^^^^^^^^^^^^^^^^^^^^^^^^^^^^^^
  3 | import Header from "@/components/layout/header";
  4 | import Footer from "@/components/layout/footer";
  5 | import CustomCursor from "@/components/ui/custom-cursor";

The export instrumentSerif was not found in module [project]/app/fonts.ts [app-rsc] (ecmascript).
Did you mean to import playfair?
All exports of the module are statically known (It doesn't have dynamic exports). So it's known statically that the requested export doesn't exist. @ http://localhost:3005/_next/static/chunks/b2b3e_next_dist_77a734fe._.js:3127
[  254022ms] [ERROR] Failed to load resource: the server responded with a status of 500 (Internal Server Error) @ http://localhost:3005/:0
[  254143ms] ReferenceError: instrumentSerif is not defined
    at RootLayout (about://React/Server/file:///Users/brendan/projects/ganson-web-app/.next/dev/server/chunks/ssr/%5Broot-of-the-server%5D__cf898b6e._.js?6:581:23)
    at resolveErrorDev (http://localhost:3005/_next/static/chunks/b2b3e_next_dist_compiled_react-server-dom-turbopack_1182ddf0._.js:1894:106)
    at processFullStringRow (http://localhost:3005/_next/static/chunks/b2b3e_next_dist_compiled_react-server-dom-turbopack_1182ddf0._.js:2402:29)
    at processFullBinaryRow (http://localhost:3005/_next/static/chunks/b2b3e_next_dist_compiled_react-server-dom-turbopack_1182ddf0._.js:2361:9)
    at processBinaryChunk (http://localhost:3005/_next/static/chunks/b2b3e_next_dist_compiled_react-server-dom-turbopack_1182ddf0._.js:2470:221)
    at progress (http://localhost:3005/_next/static/chunks/b2b3e_next_dist_compiled_react-server-dom-turbopack_1182ddf0._.js:2640:13)
[  257145ms] [WARNING] The resource http://localhost:3005/_next/static/media/2a65768255d6b625-s.p.d19752fb.woff2 was preloaded using link preload but not used within a few seconds from the window's load event. Please make sure it has an appropriate `as` value and it is preloaded intentionally. @ http://localhost:3005/:0
[  261982ms] [WARNING] Image with src "http://localhost:3005/assets/clients/carechoice.svg" has either width or height modified, but not the other. If you use CSS to change the size of your image, also include the styles 'width: "auto"' or 'height: "auto"' to maintain the aspect ratio. @ http://localhost:3005/_next/static/chunks/b2b3e_next_dist_77a734fe._.js:2297
[  261982ms] [WARNING] Image with src "http://localhost:3005/assets/clients/jmk.svg" has either width or height modified, but not the other. If you use CSS to change the size of your image, also include the styles 'width: "auto"' or 'height: "auto"' to maintain the aspect ratio. @ http://localhost:3005/_next/static/chunks/b2b3e_next_dist_77a734fe._.js:2297
[  261982ms] [WARNING] Image with src "http://localhost:3005/assets/clients/aedifica-reit.svg" has either width or height modified, but not the other. If you use CSS to change the size of your image, also include the styles 'width: "auto"' or 'height: "auto"' to maintain the aspect ratio. @ http://localhost:3005/_next/static/chunks/b2b3e_next_dist_77a734fe._.js:2297
[  262005ms] [WARNING] Image with src "http://localhost:3005/assets/clients/hse.png" has either width or height modified, but not the other. If you use CSS to change the size of your image, also include the styles 'width: "auto"' or 'height: "auto"' to maintain the aspect ratio. @ http://localhost:3005/_next/static/chunks/b2b3e_next_dist_77a734fe._.js:2297
[  262005ms] [WARNING] Image with src "http://localhost:3005/assets/clients/gaa.png" has either width or height modified, but not the other. If you use CSS to change the size of your image, also include the styles 'width: "auto"' or 'height: "auto"' to maintain the aspect ratio. @ http://localhost:3005/_next/static/chunks/b2b3e_next_dist_77a734fe._.js:2297
[  262005ms] [WARNING] Image with src "http://localhost:3005/assets/clients/altere-contracts.png" has either width or height modified, but not the other. If you use CSS to change the size of your image, also include the styles 'width: "auto"' or 'height: "auto"' to maintain the aspect ratio. @ http://localhost:3005/_next/static/chunks/b2b3e_next_dist_77a734fe._.js:2297
[  262005ms] [WARNING] Image with src "http://localhost:3005/assets/clients/opw.png" has either width or height modified, but not the other. If you use CSS to change the size of your image, also include the styles 'width: "auto"' or 'height: "auto"' to maintain the aspect ratio. @ http://localhost:3005/_next/static/chunks/b2b3e_next_dist_77a734fe._.js:2297
[  262008ms] [WARNING] Image with src "http://localhost:3005/assets/clients/dublin-city-council.png" has either width or height modified, but not the other. If you use CSS to change the size of your image, also include the styles 'width: "auto"' or 'height: "auto"' to maintain the aspect ratio. @ http://localhost:3005/_next/static/chunks/b2b3e_next_dist_77a734fe._.js:2297
[  262009ms] [WARNING] Image with src "http://localhost:3005/assets/clients/ryanair.png" has either width or height modified, but not the other. If you use CSS to change the size of your image, also include the styles 'width: "auto"' or 'height: "auto"' to maintain the aspect ratio. @ http://localhost:3005/_next/static/chunks/b2b3e_next_dist_77a734fe._.js:2297
[  351606ms] [ERROR] ./app/layout.tsx:2:1
Export playfair doesn't exist in target module
  1 | import type { Metadata } from "next";
> 2 | import { playfair, dmSans } from "@/app/fonts";
    | ^^^^^^^^^^^^^^^^^^^^^^^^^^^^^^^^^^^^^^^^^^^^^^^
  3 | import Header from "@/components/layout/header";
  4 | import Footer from "@/components/layout/footer";
  5 | import CustomCursor from "@/components/ui/custom-cursor";

The export playfair was not found in module [project]/app/fonts.ts [app-rsc] (ecmascript).
Did you mean to import dmSans?
All exports of the module are statically known (It doesn't have dynamic exports). So it's known statically that the requested export doesn't exist. @ http://localhost:3005/_next/static/chunks/b2b3e_next_dist_77a734fe._.js:3127
[  357801ms] [ERROR] Failed to load resource: the server responded with a status of 500 (Internal Server Error) @ http://localhost:3005/:0
[  357910ms] ReferenceError: playfair is not defined
    at RootLayout (about://React/Server/file:///Users/brendan/projects/ganson-web-app/.next/dev/server/chunks/ssr/%5Broot-of-the-server%5D__c058eb97._.js?6:580:23)
    at resolveErrorDev (http://localhost:3005/_next/static/chunks/b2b3e_next_dist_compiled_react-server-dom-turbopack_1182ddf0._.js:1894:106)
    at processFullStringRow (http://localhost:3005/_next/static/chunks/b2b3e_next_dist_compiled_react-server-dom-turbopack_1182ddf0._.js:2402:29)
    at processFullBinaryRow (http://localhost:3005/_next/static/chunks/b2b3e_next_dist_compiled_react-server-dom-turbopack_1182ddf0._.js:2361:9)
    at processBinaryChunk (http://localhost:3005/_next/static/chunks/b2b3e_next_dist_compiled_react-server-dom-turbopack_1182ddf0._.js:2470:221)
    at progress (http://localhost:3005/_next/static/chunks/b2b3e_next_dist_compiled_react-server-dom-turbopack_1182ddf0._.js:2640:13)
[  360913ms] [WARNING] The resource http://localhost:3005/_next/static/media/510598db810e1932-s.p.1b66d8b8.woff2 was preloaded using link preload but not used within a few seconds from the window's load event. Please make sure it has an appropriate `as` value and it is preloaded intentionally. @ http://localhost:3005/:0
[  360913ms] [WARNING] The resource http://localhost:3005/_next/static/media/f06bf9da926bae75-s.p.c68a79fb.woff2 was preloaded using link preload but not used within a few seconds from the window's load event. Please make sure it has an appropriate `as` value and it is preloaded intentionally. @ http://localhost:3005/:0
[  366103ms] [WARNING] Image with src "http://localhost:3005/assets/clients/carechoice.svg" has either width or height modified, but not the other. If you use CSS to change the size of your image, also include the styles 'width: "auto"' or 'height: "auto"' to maintain the aspect ratio. @ http://localhost:3005/_next/static/chunks/b2b3e_next_dist_77a734fe._.js:2297
[  366103ms] [WARNING] Image with src "http://localhost:3005/assets/clients/jmk.svg" has either width or height modified, but not the other. If you use CSS to change the size of your image, also include the styles 'width: "auto"' or 'height: "auto"' to maintain the aspect ratio. @ http://localhost:3005/_next/static/chunks/b2b3e_next_dist_77a734fe._.js:2297
[  366103ms] [WARNING] Image with src "http://localhost:3005/assets/clients/aedifica-reit.svg" has either width or height modified, but not the other. If you use CSS to change the size of your image, also include the styles 'width: "auto"' or 'height: "auto"' to maintain the aspect ratio. @ http://localhost:3005/_next/static/chunks/b2b3e_next_dist_77a734fe._.js:2297
[  366123ms] [WARNING] Image with src "http://localhost:3005/assets/clients/hse.png" has either width or height modified, but not the other. If you use CSS to change the size of your image, also include the styles 'width: "auto"' or 'height: "auto"' to maintain the aspect ratio. @ http://localhost:3005/_next/static/chunks/b2b3e_next_dist_77a734fe._.js:2297
[  366123ms] [WARNING] Image with src "http://localhost:3005/assets/clients/gaa.png" has either width or height modified, but not the other. If you use CSS to change the size of your image, also include the styles 'width: "auto"' or 'height: "auto"' to maintain the aspect ratio. @ http://localhost:3005/_next/static/chunks/b2b3e_next_dist_77a734fe._.js:2297
[  366123ms] [WARNING] Image with src "http://localhost:3005/assets/clients/altere-contracts.png" has either width or height modified, but not the other. If you use CSS to change the size of your image, also include the styles 'width: "auto"' or 'height: "auto"' to maintain the aspect ratio. @ http://localhost:3005/_next/static/chunks/b2b3e_next_dist_77a734fe._.js:2297
[  366123ms] [WARNING] Image with src "http://localhost:3005/assets/clients/opw.png" has either width or height modified, but not the other. If you use CSS to change the size of your image, also include the styles 'width: "auto"' or 'height: "auto"' to maintain the aspect ratio. @ http://localhost:3005/_next/static/chunks/b2b3e_next_dist_77a734fe._.js:2297
[  366124ms] [WARNING] Image with src "http://localhost:3005/assets/clients/dublin-city-council.png" has either width or height modified, but not the other. If you use CSS to change the size of your image, also include the styles 'width: "auto"' or 'height: "auto"' to maintain the aspect ratio. @ http://localhost:3005/_next/static/chunks/b2b3e_next_dist_77a734fe._.js:2297
[  366128ms] [WARNING] Image with src "http://localhost:3005/assets/clients/ryanair.png" has either width or height modified, but not the other. If you use CSS to change the size of your image, also include the styles 'width: "auto"' or 'height: "auto"' to maintain the aspect ratio. @ http://localhost:3005/_next/static/chunks/b2b3e_next_dist_77a734fe._.js:2297
[  367446ms] [WARNING] You are trying to animate backgroundColor from "#d00918" to "transparent". "transparent" is not an animatable value.. For more information and steps for solving, visit https://motion.dev/troubleshooting/value-not-animatable @ http://localhost:3005/_next/static/chunks/b2b3e_next_dist_77a734fe._.js:2297
[  367462ms] [WARNING] You are trying to animate backgroundColor from "transparent" to "#d00918". "transparent" is not an animatable value.. For more information and steps for solving, visit https://motion.dev/troubleshooting/value-not-animatable @ http://localhost:3005/_next/static/chunks/b2b3e_next_dist_77a734fe._.js:2297
