[     178ms] [WARNING] Image with src "http://localhost:3005/assets/clients/carechoice.svg" has either width or height modified, but not the other. If you use CSS to change the size of your image, also include the styles 'width: "auto"' or 'height: "auto"' to maintain the aspect ratio. @ http://localhost:3005/_next/static/chunks/b2b3e_next_dist_77a734fe._.js:2297
[     178ms] [WARNING] Image with src "http://localhost:3005/assets/clients/jmk.svg" has either width or height modified, but not the other. If you use CSS to change the size of your image, also include the styles 'width: "auto"' or 'height: "auto"' to maintain the aspect ratio. @ http://localhost:3005/_next/static/chunks/b2b3e_next_dist_77a734fe._.js:2297
[     178ms] [WARNING] Image with src "http://localhost:3005/assets/clients/aedifica-reit.svg" has either width or height modified, but not the other. If you use CSS to change the size of your image, also include the styles 'width: "auto"' or 'height: "auto"' to maintain the aspect ratio. @ http://localhost:3005/_next/static/chunks/b2b3e_next_dist_77a734fe._.js:2297
[     190ms] [WARNING] Image with src "http://localhost:3005/assets/clients/hse.png" has either width or height modified, but not the other. If you use CSS to change the size of your image, also include the styles 'width: "auto"' or 'height: "auto"' to maintain the aspect ratio. @ http://localhost:3005/_next/static/chunks/b2b3e_next_dist_77a734fe._.js:2297
[     190ms] [WARNING] Image with src "http://localhost:3005/assets/clients/gaa.png" has either width or height modified, but not the other. If you use CSS to change the size of your image, also include the styles 'width: "auto"' or 'height: "auto"' to maintain the aspect ratio. @ http://localhost:3005/_next/static/chunks/b2b3e_next_dist_77a734fe._.js:2297
[     190ms] [WARNING] Image with src "http://localhost:3005/assets/clients/altere-contracts.png" has either width or height modified, but not the other. If you use CSS to change the size of your image, also include the styles 'width: "auto"' or 'height: "auto"' to maintain the aspect ratio. @ http://localhost:3005/_next/static/chunks/b2b3e_next_dist_77a734fe._.js:2297
[     190ms] [WARNING] Image with src "http://localhost:3005/assets/clients/opw.png" has either width or height modified, but not the other. If you use CSS to change the size of your image, also include the styles 'width: "auto"' or 'height: "auto"' to maintain the aspect ratio. @ http://localhost:3005/_next/static/chunks/b2b3e_next_dist_77a734fe._.js:2297
[     190ms] [WARNING] Image with src "http://localhost:3005/assets/clients/dublin-city-council.png" has either width or height modified, but not the other. If you use CSS to change the size of your image, also include the styles 'width: "auto"' or 'height: "auto"' to maintain the aspect ratio. @ http://localhost:3005/_next/static/chunks/b2b3e_next_dist_77a734fe._.js:2297
[     190ms] [WARNING] Image with src "http://localhost:3005/assets/clients/ryanair.png" has either width or height modified, but not the other. If you use CSS to change the size of your image, also include the styles 'width: "auto"' or 'height: "auto"' to maintain the aspect ratio. @ http://localhost:3005/_next/static/chunks/b2b3e_next_dist_77a734fe._.js:2297
[    4737ms] [WARNING] You are trying to animate backgroundColor from "#d00918" to "transparent". "transparent" is not an animatable value.. For more information and steps for solving, visit https://motion.dev/troubleshooting/value-not-animatable @ http://localhost:3005/_next/static/chunks/b2b3e_next_dist_77a734fe._.js:2297
[    5570ms] [WARNING] You are trying to animate backgroundColor from "transparent" to "#d00918". "transparent" is not an animatable value.. For more information and steps for solving, visit https://motion.dev/troubleshooting/value-not-animatable @ http://localhost:3005/_next/static/chunks/b2b3e_next_dist_77a734fe._.js:2297
[  237385ms] [ERROR] ./app/layout.tsx:2:1
Export instrumentSans doesn't exist in target module
  1 | import type { Metadata } from "next";
> 2 | import { instrumentSans, dmSans } from "@/app/fonts";
    | ^^^^^^^^^^^^^^^^^^^^^^^^^^^^^^^^^^^^^^^^^^^^^^^^^^^^^
  3 | import Header from "@/components/layout/header";
  4 | import Footer from "@/components/layout/footer";
  5 | import CustomCursor from "@/components/ui/custom-cursor";

The export instrumentSans was not found in module [project]/app/fonts.ts [app-rsc] (ecmascript).
Did you mean to import dmSans?
All exports of the module are statically known (It doesn't have dynamic exports). So it's known statically that the requested export doesn't exist. @ http://localhost:3005/_next/static/chunks/b2b3e_next_dist_77a734fe._.js:3127
[  244125ms] [ERROR] Failed to load resource: the server responded with a status of 500 (Internal Server Error) @ http://localhost:3005/:0
[  244258ms] ReferenceError: instrumentSans is not defined
    at RootLayout (about://React/Server/file:///Users/brendan/projects/ganson-web-app/.next/dev/server/chunks/ssr/%5Broot-of-the-server%5D__cf898b6e._.js?6:581:23)
    at resolveErrorDev (http://localhost:3005/_next/static/chunks/b2b3e_next_dist_compiled_react-server-dom-turbopack_1182ddf0._.js:1894:106)
    at processFullStringRow (http://localhost:3005/_next/static/chunks/b2b3e_next_dist_compiled_react-server-dom-turbopack_1182ddf0._.js:2402:29)
    at processFullBinaryRow (http://localhost:3005/_next/static/chunks/b2b3e_next_dist_compiled_react-server-dom-turbopack_1182ddf0._.js:2361:9)
    at processBinaryChunk (http://localhost:3005/_next/static/chunks/b2b3e_next_dist_compiled_react-server-dom-turbopack_1182ddf0._.js:2470:221)
    at progress (http://localhost:3005/_next/static/chunks/b2b3e_next_dist_compiled_react-server-dom-turbopack_1182ddf0._.js:2640:13)
[  247263ms] [WARNING] The resource http://localhost:3005/_next/static/media/2a65768255d6b625-s.p.d19752fb.woff2 was preloaded using link preload but not used within a few seconds from the window's load event. Please make sure it has an appropriate `as` value and it is preloaded intentionally. @ http://localhost:3005/:0
[  250429ms] [WARNING] Image with src "http://localhost:3005/assets/clients/carechoice.svg" has either width or height modified, but not the other. If you use CSS to change the size of your image, also include the styles 'width: "auto"' or 'height: "auto"' to maintain the aspect ratio. @ http://localhost:3005/_next/static/chunks/b2b3e_next_dist_77a734fe._.js:2297
[  250429ms] [WARNING] Image with src "http://localhost:3005/assets/clients/jmk.svg" has either width or height modified, but not the other. If you use CSS to change the size of your image, also include the styles 'width: "auto"' or 'height: "auto"' to maintain the aspect ratio. @ http://localhost:3005/_next/static/chunks/b2b3e_next_dist_77a734fe._.js:2297
[  250429ms] [WARNING] Image with src "http://localhost:3005/assets/clients/aedifica-reit.svg" has either width or height modified, but not the other. If you use CSS to change the size of your image, also include the styles 'width: "auto"' or 'height: "auto"' to maintain the aspect ratio. @ http://localhost:3005/_next/static/chunks/b2b3e_next_dist_77a734fe._.js:2297
[  250443ms] [WARNING] Image with src "http://localhost:3005/assets/clients/hse.png" has either width or height modified, but not the other. If you use CSS to change the size of your image, also include the styles 'width: "auto"' or 'height: "auto"' to maintain the aspect ratio. @ http://localhost:3005/_next/static/chunks/b2b3e_next_dist_77a734fe._.js:2297
[  250443ms] [WARNING] Image with src "http://localhost:3005/assets/clients/gaa.png" has either width or height modified, but not the other. If you use CSS to change the size of your image, also include the styles 'width: "auto"' or 'height: "auto"' to maintain the aspect ratio. @ http://localhost:3005/_next/static/chunks/b2b3e_next_dist_77a734fe._.js:2297
[  250449ms] [WARNING] Image with src "http://localhost:3005/assets/clients/altere-contracts.png" has either width or height modified, but not the other. If you use CSS to change the size of your image, also include the styles 'width: "auto"' or 'height: "auto"' to maintain the aspect ratio. @ http://localhost:3005/_next/static/chunks/b2b3e_next_dist_77a734fe._.js:2297
[  250449ms] [WARNING] Image with src "http://localhost:3005/assets/clients/opw.png" has either width or height modified, but not the other. If you use CSS to change the size of your image, also include the styles 'width: "auto"' or 'height: "auto"' to maintain the aspect ratio. @ http://localhost:3005/_next/static/chunks/b2b3e_next_dist_77a734fe._.js:2297
[  250449ms] [WARNING] Image with src "http://localhost:3005/assets/clients/dublin-city-council.png" has either width or height modified, but not the other. If you use CSS to change the size of your image, also include the styles 'width: "auto"' or 'height: "auto"' to maintain the aspect ratio. @ http://localhost:3005/_next/static/chunks/b2b3e_next_dist_77a734fe._.js:2297
[  250449ms] [WARNING] Image with src "http://localhost:3005/assets/clients/ryanair.png" has either width or height modified, but not the other. If you use CSS to change the size of your image, also include the styles 'width: "auto"' or 'height: "auto"' to maintain the aspect ratio. @ http://localhost:3005/_next/static/chunks/b2b3e_next_dist_77a734fe._.js:2297
[  506188ms] [ERROR] ./app/layout.tsx:2:1
Export playfair doesn't exist in target module
  1 | import type { Metadata } from "next";
> 2 | import { playfair, dmSans } from "@/app/fonts";
    | ^^^^^^^^^^^^^^^^^^^^^^^^^^^^^^^^^^^^^^^^^^^^^^^
  3 | import Header from "@/components/layout/header";
  4 | import Footer from "@/components/layout/footer";
  5 | import CustomCursor from "@/components/ui/custom-cursor";

The export playfair was not found in module [project]/app/fonts.ts [app-rsc] (ecmascript).
Did you mean to import inter?
All exports of the module are statically known (It doesn't have dynamic exports). So it's known statically that the requested export doesn't exist. @ http://localhost:3005/_next/static/chunks/b2b3e_next_dist_77a734fe._.js:3127
[  533565ms] [ERROR] Failed to load resource: the server responded with a status of 500 (Internal Server Error) @ http://localhost:3005/:0
[  533670ms] ReferenceError: playfair is not defined
    at RootLayout (about://React/Server/file:///Users/brendan/projects/ganson-web-app/.next/dev/server/chunks/ssr/%5Broot-of-the-server%5D__6c0e92c6._.js?6:581:23)
    at resolveErrorDev (http://localhost:3005/_next/static/chunks/b2b3e_next_dist_compiled_react-server-dom-turbopack_1182ddf0._.js:1894:106)
    at processFullStringRow (http://localhost:3005/_next/static/chunks/b2b3e_next_dist_compiled_react-server-dom-turbopack_1182ddf0._.js:2402:29)
    at processFullBinaryRow (http://localhost:3005/_next/static/chunks/b2b3e_next_dist_compiled_react-server-dom-turbopack_1182ddf0._.js:2361:9)
    at processBinaryChunk (http://localhost:3005/_next/static/chunks/b2b3e_next_dist_compiled_react-server-dom-turbopack_1182ddf0._.js:2470:221)
    at progress (http://localhost:3005/_next/static/chunks/b2b3e_next_dist_compiled_react-server-dom-turbopack_1182ddf0._.js:2640:13)
[  536674ms] [WARNING] The resource http://localhost:3005/_next/static/media/83afe278b6a6bb3c-s.p.3a6ba036.woff2 was preloaded using link preload but not used within a few seconds from the window's load event. Please make sure it has an appropriate `as` value and it is preloaded intentionally. @ http://localhost:3005/:0
[  536674ms] [WARNING] The resource http://localhost:3005/_next/static/chunks/%5Broot-of-the-server%5D__d62f1f1f._.css was preloaded using link preload but not used within a few seconds from the window's load event. Please make sure it has an appropriate `as` value and it is preloaded intentionally. @ http://localhost:3005/:0
[  654447ms] [WARNING] Image with src "http://localhost:3005/assets/clients/carechoice.svg" has either width or height modified, but not the other. If you use CSS to change the size of your image, also include the styles 'width: "auto"' or 'height: "auto"' to maintain the aspect ratio. @ http://localhost:3005/_next/static/chunks/b2b3e_next_dist_77a734fe._.js:2297
[  654447ms] [WARNING] Image with src "http://localhost:3005/assets/clients/jmk.svg" has either width or height modified, but not the other. If you use CSS to change the size of your image, also include the styles 'width: "auto"' or 'height: "auto"' to maintain the aspect ratio. @ http://localhost:3005/_next/static/chunks/b2b3e_next_dist_77a734fe._.js:2297
[  654447ms] [WARNING] Image with src "http://localhost:3005/assets/clients/aedifica-reit.svg" has either width or height modified, but not the other. If you use CSS to change the size of your image, also include the styles 'width: "auto"' or 'height: "auto"' to maintain the aspect ratio. @ http://localhost:3005/_next/static/chunks/b2b3e_next_dist_77a734fe._.js:2297
[  654463ms] [WARNING] Image with src "http://localhost:3005/assets/clients/hse.png" has either width or height modified, but not the other. If you use CSS to change the size of your image, also include the styles 'width: "auto"' or 'height: "auto"' to maintain the aspect ratio. @ http://localhost:3005/_next/static/chunks/b2b3e_next_dist_77a734fe._.js:2297
[  654471ms] [WARNING] Image with src "http://localhost:3005/assets/clients/gaa.png" has either width or height modified, but not the other. If you use CSS to change the size of your image, also include the styles 'width: "auto"' or 'height: "auto"' to maintain the aspect ratio. @ http://localhost:3005/_next/static/chunks/b2b3e_next_dist_77a734fe._.js:2297
[  654471ms] [WARNING] Image with src "http://localhost:3005/assets/clients/altere-contracts.png" has either width or height modified, but not the other. If you use CSS to change the size of your image, also include the styles 'width: "auto"' or 'height: "auto"' to maintain the aspect ratio. @ http://localhost:3005/_next/static/chunks/b2b3e_next_dist_77a734fe._.js:2297
[  654471ms] [WARNING] Image with src "http://localhost:3005/assets/clients/opw.png" has either width or height modified, but not the other. If you use CSS to change the size of your image, also include the styles 'width: "auto"' or 'height: "auto"' to maintain the aspect ratio. @ http://localhost:3005/_next/static/chunks/b2b3e_next_dist_77a734fe._.js:2297
[  654471ms] [WARNING] Image with src "http://localhost:3005/assets/clients/dublin-city-council.png" has either width or height modified, but not the other. If you use CSS to change the size of your image, also include the styles 'width: "auto"' or 'height: "auto"' to maintain the aspect ratio. @ http://localhost:3005/_next/static/chunks/b2b3e_next_dist_77a734fe._.js:2297
[  654471ms] [WARNING] Image with src "http://localhost:3005/assets/clients/ryanair.png" has either width or height modified, but not the other. If you use CSS to change the size of your image, also include the styles 'width: "auto"' or 'height: "auto"' to maintain the aspect ratio. @ http://localhost:3005/_next/static/chunks/b2b3e_next_dist_77a734fe._.js:2297
[  973753ms] [ERROR] ./app/layout.tsx:2:1
Export inter doesn't exist in target module
  1 | import type { Metadata } from "next";
> 2 | import { inter, dmSans } from "@/app/fonts";
    | ^^^^^^^^^^^^^^^^^^^^^^^^^^^^^^^^^^^^^^^^^^^^
  3 | import Header from "@/components/layout/header";
  4 | import Footer from "@/components/layout/footer";
  5 | import CustomCursor from "@/components/ui/custom-cursor";

The export inter was not found in module [project]/app/fonts.ts [app-rsc] (ecmascript).
Did you mean to import raleway?
All exports of the module are statically known (It doesn't have dynamic exports). So it's known statically that the requested export doesn't exist. @ http://localhost:3005/_next/static/chunks/b2b3e_next_dist_77a734fe._.js:3127
[  978009ms] [ERROR] Failed to load resource: the server responded with a status of 500 (Internal Server Error) @ http://localhost:3005/:0
[  978161ms] ReferenceError: inter is not defined
    at RootLayout (about://React/Server/file:///Users/brendan/projects/ganson-web-app/.next/dev/server/chunks/ssr/%5Broot-of-the-server%5D__1c125ae0._.js?6:581:23)
    at resolveErrorDev (http://localhost:3005/_next/static/chunks/b2b3e_next_dist_compiled_react-server-dom-turbopack_1182ddf0._.js:1894:106)
    at processFullStringRow (http://localhost:3005/_next/static/chunks/b2b3e_next_dist_compiled_react-server-dom-turbopack_1182ddf0._.js:2402:29)
    at processFullBinaryRow (http://localhost:3005/_next/static/chunks/b2b3e_next_dist_compiled_react-server-dom-turbopack_1182ddf0._.js:2361:9)
    at processBinaryChunk (http://localhost:3005/_next/static/chunks/b2b3e_next_dist_compiled_react-server-dom-turbopack_1182ddf0._.js:2470:221)
    at progress (http://localhost:3005/_next/static/chunks/b2b3e_next_dist_compiled_react-server-dom-turbopack_1182ddf0._.js:2640:13)
[  981168ms] [WARNING] The resource http://localhost:3005/_next/static/media/c825fd02acae0153-s.p.1692d83b.woff2 was preloaded using link preload but not used within a few seconds from the window's load event. Please make sure it has an appropriate `as` value and it is preloaded intentionally. @ http://localhost:3005/:0
[  981168ms] [WARNING] The resource http://localhost:3005/_next/static/chunks/%5Broot-of-the-server%5D__cca946be._.css was preloaded using link preload but not used within a few seconds from the window's load event. Please make sure it has an appropriate `as` value and it is preloaded intentionally. @ http://localhost:3005/:0
[  982272ms] [WARNING] Image with src "http://localhost:3005/assets/clients/carechoice.svg" has either width or height modified, but not the other. If you use CSS to change the size of your image, also include the styles 'width: "auto"' or 'height: "auto"' to maintain the aspect ratio. @ http://localhost:3005/_next/static/chunks/b2b3e_next_dist_77a734fe._.js:2297
[  982272ms] [WARNING] Image with src "http://localhost:3005/assets/clients/jmk.svg" has either width or height modified, but not the other. If you use CSS to change the size of your image, also include the styles 'width: "auto"' or 'height: "auto"' to maintain the aspect ratio. @ http://localhost:3005/_next/static/chunks/b2b3e_next_dist_77a734fe._.js:2297
[  982272ms] [WARNING] Image with src "http://localhost:3005/assets/clients/aedifica-reit.svg" has either width or height modified, but not the other. If you use CSS to change the size of your image, also include the styles 'width: "auto"' or 'height: "auto"' to maintain the aspect ratio. @ http://localhost:3005/_next/static/chunks/b2b3e_next_dist_77a734fe._.js:2297
[  982293ms] [WARNING] Image with src "http://localhost:3005/assets/clients/hse.png" has either width or height modified, but not the other. If you use CSS to change the size of your image, also include the styles 'width: "auto"' or 'height: "auto"' to maintain the aspect ratio. @ http://localhost:3005/_next/static/chunks/b2b3e_next_dist_77a734fe._.js:2297
[  982293ms] [WARNING] Image with src "http://localhost:3005/assets/clients/gaa.png" has either width or height modified, but not the other. If you use CSS to change the size of your image, also include the styles 'width: "auto"' or 'height: "auto"' to maintain the aspect ratio. @ http://localhost:3005/_next/static/chunks/b2b3e_next_dist_77a734fe._.js:2297
[  982293ms] [WARNING] Image with src "http://localhost:3005/assets/clients/altere-contracts.png" has either width or height modified, but not the other. If you use CSS to change the size of your image, also include the styles 'width: "auto"' or 'height: "auto"' to maintain the aspect ratio. @ http://localhost:3005/_next/static/chunks/b2b3e_next_dist_77a734fe._.js:2297
[  982293ms] [WARNING] Image with src "http://localhost:3005/assets/clients/opw.png" has either width or height modified, but not the other. If you use CSS to change the size of your image, also include the styles 'width: "auto"' or 'height: "auto"' to maintain the aspect ratio. @ http://localhost:3005/_next/static/chunks/b2b3e_next_dist_77a734fe._.js:2297
[  982293ms] [WARNING] Image with src "http://localhost:3005/assets/clients/dublin-city-council.png" has either width or height modified, but not the other. If you use CSS to change the size of your image, also include the styles 'width: "auto"' or 'height: "auto"' to maintain the aspect ratio. @ http://localhost:3005/_next/static/chunks/b2b3e_next_dist_77a734fe._.js:2297
[  982293ms] [WARNING] Image with src "http://localhost:3005/assets/clients/ryanair.png" has either width or height modified, but not the other. If you use CSS to change the size of your image, also include the styles 'width: "auto"' or 'height: "auto"' to maintain the aspect ratio. @ http://localhost:3005/_next/static/chunks/b2b3e_next_dist_77a734fe._.js:2297
[ 1066651ms] [ERROR] WebSocket connection to 'ws://localhost:3005/_next/webpack-hmr?id=WuctsNv0au8IhQFjqGrwh' failed: Error in connection establishment: net::ERR_CONNECTION_REFUSED @ http://localhost:3005/_next/static/chunks/b2b3e_next_dist_client_121ab40e._.js:10878
[ 1067652ms] [ERROR] WebSocket connection to 'ws://localhost:3005/_next/webpack-hmr?id=WuctsNv0au8IhQFjqGrwh' failed: Error in connection establishment: net::ERR_CONNECTION_REFUSED @ http://localhost:3005/_next/static/chunks/b2b3e_next_dist_client_121ab40e._.js:10878
[ 1068654ms] [ERROR] WebSocket connection to 'ws://localhost:3005/_next/webpack-hmr?id=WuctsNv0au8IhQFjqGrwh' failed: Error in connection establishment: net::ERR_CONNECTION_REFUSED @ http://localhost:3005/_next/static/chunks/b2b3e_next_dist_client_121ab40e._.js:10878
[ 1069656ms] [ERROR] WebSocket connection to 'ws://localhost:3005/_next/webpack-hmr?id=WuctsNv0au8IhQFjqGrwh' failed: Error in connection establishment: net::ERR_CONNECTION_REFUSED @ http://localhost:3005/_next/static/chunks/b2b3e_next_dist_client_121ab40e._.js:10878
[ 1070658ms] [ERROR] WebSocket connection to 'ws://localhost:3005/_next/webpack-hmr?id=WuctsNv0au8IhQFjqGrwh' failed: Error in connection establishment: net::ERR_CONNECTION_REFUSED @ http://localhost:3005/_next/static/chunks/b2b3e_next_dist_client_121ab40e._.js:10878
[ 1075661ms] [ERROR] WebSocket connection to 'ws://localhost:3005/_next/webpack-hmr?id=WuctsNv0au8IhQFjqGrwh' failed: Error in connection establishment: net::ERR_CONNECTION_REFUSED @ http://localhost:3005/_next/static/chunks/b2b3e_next_dist_client_121ab40e._.js:10878
[ 1080662ms] [ERROR] WebSocket connection to 'ws://localhost:3005/_next/webpack-hmr?id=WuctsNv0au8IhQFjqGrwh' failed: Error in connection establishment: net::ERR_CONNECTION_REFUSED @ http://localhost:3005/_next/static/chunks/b2b3e_next_dist_client_121ab40e._.js:10878
[ 1085664ms] [ERROR] WebSocket connection to 'ws://localhost:3005/_next/webpack-hmr?id=WuctsNv0au8IhQFjqGrwh' failed: Error in connection establishment: net::ERR_CONNECTION_REFUSED @ http://localhost:3005/_next/static/chunks/b2b3e_next_dist_client_121ab40e._.js:10878
[ 1090666ms] [ERROR] WebSocket connection to 'ws://localhost:3005/_next/webpack-hmr?id=WuctsNv0au8IhQFjqGrwh' failed: Error in connection establishment: net::ERR_CONNECTION_REFUSED @ http://localhost:3005/_next/static/chunks/b2b3e_next_dist_client_121ab40e._.js:10878
[ 1095669ms] [ERROR] WebSocket connection to 'ws://localhost:3005/_next/webpack-hmr?id=WuctsNv0au8IhQFjqGrwh' failed: Error in connection establishment: net::ERR_CONNECTION_REFUSED @ http://localhost:3005/_next/static/chunks/b2b3e_next_dist_client_121ab40e._.js:10878
[ 1100671ms] [ERROR] WebSocket connection to 'ws://localhost:3005/_next/webpack-hmr?id=WuctsNv0au8IhQFjqGrwh' failed: Error in connection establishment: net::ERR_CONNECTION_REFUSED @ http://localhost:3005/_next/static/chunks/b2b3e_next_dist_client_121ab40e._.js:10878
[ 1105675ms] [ERROR] WebSocket connection to 'ws://localhost:3005/_next/webpack-hmr?id=WuctsNv0au8IhQFjqGrwh' failed: Error in connection establishment: net::ERR_CONNECTION_REFUSED @ http://localhost:3005/_next/static/chunks/b2b3e_next_dist_client_121ab40e._.js:10878
